// Jest Snapshot v1, https://goo.gl/fbAQLP

exports[`Card rtl render component should be rendered correctly in RTL direction 1`] = `
<div
  class="ant-card ant-card-bordered ant-card-rtl"
>
  <div
    class="ant-card-body"
  />
</div>
`;

exports[`Card should still have padding when card which set padding to 0 is loading 1`] = `
<div
  class="ant-card ant-card-loading ant-card-bordered"
>
  <div
    class="ant-card-body"
    style="padding: 0px;"
  >
    <div
      class="ant-skeleton ant-skeleton-active"
    >
      <div
        class="ant-skeleton-content"
      >
        <ul
          class="ant-skeleton-paragraph"
        >
          <li />
          <li />
          <li />
          <li
            style="width: 61%;"
          />
        </ul>
      </div>
    </div>
  </div>
</div>
`;

exports[`Card title should be vertically aligned 1`] = `
<div
  class="ant-card ant-card-bordered"
  style="width: 300px;"
>
  <div
    class="ant-card-head"
  >
    <div
      class="ant-card-head-wrapper"
    >
      <div
        class="ant-card-head-title"
      >
        Card title
      </div>
      <div
        class="ant-card-extra"
      >
        <button
          class="ant-btn ant-btn-default"
          type="button"
        >
          <span>
            Button
          </span>
        </button>
      </div>
    </div>
  </div>
  <div
    class="ant-card-body"
  >
    <p>
      Card content
    </p>
  </div>
</div>
`;
