// Jest Snapshot v1, https://goo.gl/fbAQLP

exports[`SearchBar renders 1`] = `
<div
  className="euiFormControlLayout"
>
  <div
    className="euiFormControlLayout__childrenWrapper"
  >
    <input
      aria-label="Search"
      className="euiFieldSearch"
      onChange={[Function]}
      onKeyUp={[Function]}
      placeholder="Search"
      type="search"
      value=""
    />
    <div
      className="euiFormControlLayoutIcons"
    >
      <span
        className="euiFormControlLayoutCustomIcon"
      >
        <svg
          aria-hidden={true}
          className="euiIcon euiIcon--medium euiIcon-isLoading euiFormControlLayoutCustomIcon__icon"
          focusable="false"
          height={16}
          role="img"
          style={null}
          viewBox="0 0 16 16"
          width={16}
          xmlns="http://www.w3.org/2000/svg"
        />
      </span>
    </div>
  </div>
</div>
`;
